// Jest Snapshot v1, https://goo.gl/fbAQLP

exports[`Address Test testing address component 1`] = `
<section
  className="Address"
>
  <div
    className="row"
  >
    <div
      className="col"
    >
      <div
        className="form-group"
      >
        <label
          className="label-format"
          htmlFor="line1"
        >
          Address 1
        </label>
        <input
          className="form-control"
          name="lead.influencer.address.addressLine1"
          onChange={[MockFunction]}
          placeholder="Street Address"
          type="text"
          value=""
        />
      </div>
    </div>
    <div
      className="col"
    >
      <div
        className="form-group"
      >
        <label
          className="label-format"
          htmlFor="line2"
        >
          Address 2
        </label>
        <input
          className="form-control"
          name="lead.influencer.address.addressLine2"
          onChange={[MockFunction]}
          placeholder="Apartment, Studio, or Floor"
          type="text"
          value=""
        />
      </div>
    </div>
  </div>
  <div
    className="row"
  >
    <div
      className="col"
    >
      <div
        className="form-group"
      >
        <label
          className="label-format"
          htmlFor="city"
        >
          City
        </label>
        <input
          className="form-control"
          name="city"
          onChange={[Function]}
          placeholder="City"
          type="text"
        />
      </div>
    </div>
    <div
      className="col"
    >
      <div
        className="form-group"
      >
        <label
          className="label-format"
          htmlFor="state"
        >
          State
        </label>
        <select
          className="form-control"
          name="state"
          onChange={[Function]}
        >
          <option
            value=""
          >
            Select One
          </option>
          <option
            value=""
          />
        </select>
      </div>
    </div>
    <div
      className="col"
    >
      <label
        className="label-format"
        htmlFor="zip"
      >
        Zip
      </label>
      <input
        className="form-control"
        name="zip"
        onChange={[Function]}
        placeholder="Zip"
        type="number"
      />
    </div>
  </div>
</section>
`;
